hopf mirror woven η=0.70 24×1 same                   clr=0.0137 closed=0.00 Rmir p90=2.85 pred=0.471 | S4=0.31 S8=0.28 S20=0.19 core=0.11 B_rms=6.77 T Bmax/rms=3.0 (190s)
hopf mirror nested η=0.70 24×1 same                  clr=0.0137 closed=0.00 Rmir p90=2.55 pred=0.443 | S4=0.31 S8=0.25 S20=0.16 core=0.14 B_rms=6.74 T Bmax/rms=3.1 (191s)
hopf mirror woven η=0.60 24×1 opposed                clr=0.0160 closed=0.15 Rmir p90=1.69 pred=0.322 | S4=0.43 S8=0.37 S20=0.32 core=0.04 B_rms=4.83 T Bmax/rms=2.0 (587s)
hopf mirror woven η=0.80 24×1 opposed                clr=0.0100 closed=0.23 Rmir p90=1.72 pred=0.470 | S4=0.64 S8=0.57 S20=0.51 core=0.20 B_rms=6.54 T Bmax/rms=2.1 (855s)
hopf mirror woven η=0.70 16×1 opposed                clr=0.0137 closed=0.11 Rmir p90=1.77 pred=0.361 | S4=0.49 S8=0.44 S20=0.36 core=0.12 B_rms=3.80 T Bmax/rms=2.1 (536s)
hopf torus η=0.55, 24×1                              clr=0.0228 closed=0.00 Rmir p90=1.37 pred=0.205 | S4=0.20 S8=0.14 S20=0.07 core=0.02 B_rms=5.21 T Bmax/rms=2.0 (81s)
hopf torus η=0.70, 24×1                              clr=0.0196 closed=0.00 Rmir p90=1.37 pred=0.215 | S4=0.32 S8=0.21 S20=0.12 core=0.09 B_rms=4.44 T Bmax/rms=2.3 (86s)
hopf torus η=0.70, 25×3                              clr=0.0190 closed=0.00 Rmir p90=1.50 pred=0.238 | S4=0.31 S8=0.24 S20=0.15 core=0.10 B_rms=4.67 T Bmax/rms=2.4 (93s)
hopf continued 540° / 36 circuits                    clr=0.0298 closed=0.00 Rmir p90=1.54 pred=0.135 | S4=0.22 S8=0.13 S20=0.09 core=0.21 B_rms=6.48 T Bmax/rms=2.3 (126s)
hopf continued 720° / 32 circuits                    clr=0.0266 closed=0.00 Rmir p90=1.15 pred=0.162 | S4=0.22 S8=0.18 S20=0.11 core=0.12 B_rms=5.61 T Bmax/rms=2.2 (112s)
hopf continued 720° / 48, η→0.72                     clr=0.0182 closed=0.00 Rmir p90=1.16 pred=0.180 | S4=0.28 S8=0.21 S20=0.14 core=0.06 B_rms=8.46 T Bmax/rms=2.2 (207s)
hopf drift Shallow 180° / 6 circuits                 clr=0.0602 closed=0.00 Rmir p90=5.36 pred=0.230 | S4=0.17 S8=0.07 S20=0.00 core=0.21 B_rms=1.36 T Bmax/rms=2.6 (35s)
hopf drift Shallow 180° / 16 circuits                clr=0.0227 closed=0.00 Rmir p90=4.58 pred=0.218 | S4=0.22 S8=0.13 S20=0.05 core=0.23 B_rms=3.56 T Bmax/rms=2.5 (65s)
precess × pair-side-crossed, core 0.45               clr=0.0014 closed=0.00 Rmir p90=16.68 pred=0.648 | S4=0.69 S8=0.57 S20=0.26 core=0.29 B_rms=1.97 T Bmax/rms=3.9 (145s)
precess(inward 0.15, rot 24°) × pair-side-crossed    clr=0.0005 closed=0.00 Rmir p90=10.07 pred=0.594 | S4=0.66 S8=0.57 S20=0.26 core=0.28 B_rms=2.31 T Bmax/rms=3.2 (124s)
precess(inward 0.22, rot 12°) × pair-side-crossed    clr=0.0014 closed=0.00 Rmir p90=14.95 pred=0.663 | S4=0.64 S8=0.53 S20=0.28 core=0.31 B_rms=2.20 T Bmax/rms=3.8 (133s)
precess × pair-axial-same, core 0.55                 clr=0.0017 closed=0.00 Rmir p90=12.87 pred=0.683 | S4=0.59 S8=0.50 S20=0.36 core=0.39 B_rms=2.35 T Bmax/rms=2.9 (90s)
baseball seam (6 turns, 60°)                         clr=0.0295 closed=0.02 Rmir p90=1.01 pred=0.049 | S4=0.06 S8=0.02 S20=0.01 core=0.68 B_rms=2.38 T Bmax/rms=2.1 (52s)
picket fence 5 rings                                 clr=0.0591 closed=0.00 Rmir p90=8.08 pred=0.625 | S4=0.21 S8=0.07 S20=0.00 core=0.22 B_rms=0.37 T Bmax/rms=3.0 (25s)
sphere winding 24 turns (uniform B)                  clr=0.0595 closed=0.00 Rmir p90=1.03 pred=0.084 | S4=0.26 S8=0.16 S20=0.10 core=0.08 B_rms=5.11 T Bmax/rms=1.0 (49s)
Hopf link, opposed                                   clr=0.0649 closed=0.00 Rmir p90=2.65 pred=0.303 | S4=0.12 S8=0.01 S20=0.00 core=0.08 B_rms=0.54 T Bmax/rms=4.0 (32s)
done 0
