hopf mirror woven η=0.70 24×1 opposed                clr=0.0137 closed=0.15 Rmir p90=1.28 pred=0.360 | S4=0.54 S8=0.48 S20=0.46 core=0.16 B_rms=5.72 T Bmax/rms=2.1 (702s)
hopf mirror nested η=0.70 24×1 opposed               clr=0.0137 closed=0.02 Rmir p90=7.70 pred=0.364 | S4=0.52 S8=0.47 S20=0.41 core=0.12 B_rms=5.73 T Bmax/rms=2.1 (603s)
hopf mirror woven η=0.60 24×1 same                   clr=0.0160 closed=0.00 Rmir p90=2.83 pred=0.384 | S4=0.23 S8=0.19 S20=0.14 core=0.02 B_rms=8.20 T Bmax/rms=2.4 (214s)
hopf mirror woven η=0.80 24×1 same                   clr=0.0100 closed=0.00 Rmir p90=2.71 pred=0.506 | S4=0.42 S8=0.36 S20=0.24 core=0.16 B_rms=5.40 T Bmax/rms=3.4 (188s)
hopf mirror woven η=0.70 36×1 opposed                clr=0.0116 closed=0.25 Rmir p90=1.60 pred=0.419 | S4=0.53 S8=0.49 S20=0.44 core=0.10 B_rms=8.62 T Bmax/rms=2.1 (1002s)
hopf torus η=0.62, 24×1                              clr=0.0241 closed=0.00 Rmir p90=1.31 pred=0.214 | S4=0.24 S8=0.18 S20=0.11 core=0.05 B_rms=4.73 T Bmax/rms=2.1 (78s)
hopf torus η=0.78, 24×1                              clr=0.0162 closed=0.00 Rmir p90=1.38 pred=0.228 | S4=0.38 S8=0.29 S20=0.19 core=0.16 B_rms=4.30 T Bmax/rms=2.1 (96s)
hopf continued 360° / 24 circuits                    clr=0.0299 closed=0.00 Rmir p90=1.29 pred=0.193 | S4=0.38 S8=0.28 S20=0.15 core=0.21 B_rms=4.30 T Bmax/rms=2.2 (97s)
hopf continued 720° / 48 circuits                    clr=0.0228 closed=0.00 Rmir p90=1.19 pred=0.157 | S4=0.25 S8=0.20 S20=0.14 core=0.15 B_rms=8.42 T Bmax/rms=2.2 (216s)
hopf continued 720° / 64 circuits                    clr=0.0215 closed=0.00 Rmir p90=1.12 pred=0.131 | S4=0.20 S8=0.12 S20=0.09 core=0.12 B_rms=11.22 T Bmax/rms=2.2 (280s)
hopf continued 720° / 48, η→0.56                     clr=0.0294 closed=0.00 Rmir p90=1.12 pred=0.125 | S4=0.16 S8=0.12 S20=0.04 core=0.21 B_rms=8.50 T Bmax/rms=2.2 (197s)
hopf drift Shallow 180° / 10 circuits                clr=0.0367 closed=0.00 Rmir p90=4.67 pred=0.236 | S4=0.21 S8=0.14 S20=0.04 core=0.20 B_rms=2.24 T Bmax/rms=2.5 (52s)
precess × pair-side-crossed, core 0.35               clr=0.0011 closed=0.00 Rmir p90=32.24 pred=0.707 | S4=0.65 S8=0.43 S20=0.12 core=0.29 B_rms=1.50 T Bmax/rms=6.2 (177s)
precess × pair-side-crossed, core 0.55               clr=0.0017 closed=0.02 Rmir p90=7.75 pred=0.563 | S4=0.62 S8=0.51 S20=0.29 core=0.28 B_rms=2.37 T Bmax/rms=2.7 (229s)
precess(inward 0.30, rot 24°) × pair-side-crossed    clr=0.0023 closed=0.01 Rmir p90=25.29 pred=0.651 | S4=0.68 S8=0.54 S20=0.21 core=0.32 B_rms=1.59 T Bmax/rms=5.8 (150s)
precess(inward 0.22, rot 36°) × pair-side-crossed    clr=0.0020 closed=0.02 Rmir p90=13.09 pred=0.636 | S4=0.72 S8=0.53 S20=0.21 core=0.25 B_rms=1.90 T Bmax/rms=4.2 (235s)
baseball seam (6 turns, 40°)                         clr=0.0350 closed=0.00 Rmir p90=1.00 pred=0.018 | S4=0.01 S8=0.00 S20=0.00 core=0.09 B_rms=2.27 T Bmax/rms=2.1 (31s)
yin-yang pair (4+4 turns)                            clr=0.0300 closed=0.01 Rmir p90=2.12 pred=0.231 | S4=0.20 S8=0.12 S20=0.07 core=0.03 B_rms=2.29 T Bmax/rms=2.1 (74s)
picket fence 7 rings                                 clr=0.0591 closed=0.03 Rmir p90=4.71 pred=0.622 | S4=0.19 S8=0.08 S20=0.02 core=0.41 B_rms=0.31 T Bmax/rms=3.1 (50s)
Hopf link (two linked rings)                         clr=0.0649 closed=0.00 Rmir p90=3.09 pred=0.296 | S4=0.11 S8=0.03 S20=0.00 core=0.07 B_rms=0.54 T Bmax/rms=4.0 (32s)
baseball × pair-side-crossed                         clr=0.0157 closed=0.05 Rmir p90=25.63 pred=0.808 | S4=0.57 S8=0.40 S20=0.08 core=0.36 B_rms=1.72 T Bmax/rms=4.4 (299s)
done 1
