designs/agent2_dip40.json 10.2 clearance 0.0419
designs/agent2_dip55.json 4.0 clearance 0.0576
designs/agent2_m14.json 4.4 clearance 0.0312
designs/agent2_m16.json 5.0 clearance 0.0274
designs/agent2_m20b.json 6.4 clearance 0.0235
designs/agent2_m24.json 5.5 clearance 0.0197
designs/agent2_m24e1n3.json 5.1 clearance 0.0162
designs/agent2_m24n3.json 7.0 clearance 0.0225
designs/agent2_m70N16.json 8.2 clearance 0.0228
designs/agent2_m70n3.json 9.4 clearance 0.02
designs/agent2_m75e70.json 9.5 clearance 0.0152
designs/agent2_m80.json 8.9 clearance 0.0123
designs/agent2_m80e30.json 14.2 clearance 0.0191
designs/agent2_m80e55.json 13.8 clearance 0.0155
designs/agent2_m88e20.json 15.6 clearance 0.0169
designs/agent2_m90e15.json 23.3 clearance 0.018
designs/agent2_m90e30.json 25.5 clearance 0.0147
designs/agent2_r100N16.json 45.3 clearance 0.0181
designs/agent2_r100N24.json 56.9 clearance 0.0164
designs/agent2_r105N16.json 42.6 clearance 0.0155
designs/agent2_r110N16.json 40.7 clearance 0.0134
designs/agent2_r60N24.json 15.3 clearance 0.0383
designs/agent2_r70N16.json 15.7 clearance 0.0326
designs/agent2_r70N20.json 14.8 clearance 0.0373
designs/agent2_r70N24.json 21.0 clearance 0.0316
designs/agent2_r80N24.json 18.2 clearance 0.026
designs/agent2_r88N24.json 30.5 clearance 0.0221
designs/agent2_r90N24.json 45.9 clearance 0.0213
designs/agent2_r90s082.json 17.8 clearance 0.0174
designs/agent2_r90s090.json 23.9 clearance 0.0191
designs/agent2_r92N24.json 49.1 clearance 0.0204
designs/agent2_r95N16.json 39.5 clearance 0.0202
designs/agent2_r95N20.json 39.0 clearance 0.0194
designs/agent2_r95N24.json 49.2 clearance 0.0191
designs/agent2_ring10.json 19.0 clearance 0.0213
designs/agent2_ring25.json 18.4 clearance 0.0213
designs/agent_knot24.json 3.6 clearance 0.0406
designs/agent_knot32.json 4.5 clearance 0.0273
designs/agent_knot_e0.75_N24.json 7.6 clearance 0.0345
designs/agent_knot_e0.75_N40.json 9.4 clearance 0.0202
designs/agent_knot_e0.80_N32.json 10.6 clearance 0.0255
designs/agent_knot_e0.85_N28.json 10.2 clearance 0.0244
designs/agent_knot_e0.85_N32.json 11.8 clearance 0.0231
designs/agent_knot_e0.85_N36.json 14.5 clearance 0.0211
designs/agent_knot_e0.88_N32.json 13.0 clearance 0.0211
designs/agent_knot_e0.88_N40.json 12.5 clearance 0.0177
designs/agent_knot_e0.92_N32.json 16.4 clearance 0.0185
designs/agent_knot_e0.96_N32.json 18.1 clearance 0.0163
designs/agent_knot_e1.00_N24.json 15.4 clearance 0.0207
designs/agent_knot_e1.00_N32.json 18.2 clearance 0.0144
designs/agent_knot_e1.05_N24.json 19.3 clearance 0.017
designs/agent_knot_e1.05_N32.json 17.9 clearance 0.0124
designs/agent_knot_e1.10_N16.json 16.5 clearance 0.0229
designs/agent_knot_e1.10_N20.json 14.8 clearance 0.0195
designs/agent_knot_e1.10_N24.json 13.7 clearance 0.0139
designs/agent_knot_e1.12_N14.json 15.8 clearance 0.0225
designs/agent_knot_e1.12_N16.json 18.3 clearance 0.0219
designs/agent_knot_e1.15_N16.json 18.4 clearance 0.019
designs/agent_knot_e1.15_N20.json 14.1 clearance 0.0155
designs/agent_knot_eta0p70_N40_rev2.json 6.2 clearance 0.0221
designs/agent_knot_eta0p75_N32_rev2.json 9.8 clearance 0.0261
designs/agent_knot_eta0p80_N40_rev2.json 11.2 clearance 0.0189
designs/agent_m20.json 3.5 clearance 0.0221
designs/agent_m24s085.json 4.8 clearance 0.0167
designs/agent_m24s1.json 1.9 clearance 0.0197
designs/agent_m24vf.json 4.9 clearance 0.0197
designs/agent_m24w.json 5.5 clearance 0.0197
designs/agent_twinknot_opp.json 8.1 clearance 0.0175
designs/agent_twinknot_same.json 5.0 clearance 0.0175
designs/hopf_mirror.json 32.0 clearance 0.0167
designs/meshed_torus_ii.json 12.7 clearance 0.0197
designs/precess_axial_same.json 0.1 clearance 0.0017
designs/precess_pair_crossed.json 0.0 clearance 0.0014
designs/ringplug_cusp_030.json 4.5 clearance 0.0197
designs/ringplug_same_030.json 5.3 clearance 0.0197
designs/solenoid.json 4.7 clearance 0.0917
designs/tornado_cusp_030.json 4.6 clearance 0.0197
designs/tornado_cusp_100.json 4.6 clearance 0.0197
designs/tornado_same_010.json 4.7 clearance 0.0197
designs/tornado_same_030.json 5.3 clearance 0.0197
designs/tornado_same_100.json 6.4 clearance 0.0197
designs/yinyang_cube8.json 0.0 clearance 0.0004
surfaces agent2_r100N24.json 56.87212239446148
surfaces agent2_r95N24.json 49.16474099636893
surfaces agent2_r92N24.json 49.10720622770547
done: 82 designs
RESCORE_DONE
