designs/agent2_dip40.json 10.2
designs/agent2_dip55.json 4.0
designs/agent2_m14.json 25.2
designs/agent2_m16.json 13.7
designs/agent2_m20b.json 17.7
designs/agent2_m24.json 40.2
designs/agent2_m24e1n3.json 5.9
designs/agent2_m24n3.json 17.6
designs/agent2_m70N16.json 7.5
designs/agent2_m70n3.json 19.8
designs/agent2_m75e70.json 17.5
designs/agent2_m80.json 8.3
designs/agent2_m80e30.json 16.6
designs/agent2_m80e55.json 17.1
designs/agent2_m88e20.json 15.5
designs/agent2_m90e15.json 16.9
designs/agent2_m90e30.json 13.0
designs/agent2_r100N16.json 15.1
designs/agent2_r100N24.json 12.4
designs/agent2_r105N16.json 14.8
designs/agent2_r110N16.json 11.9
designs/agent2_r60N24.json 10.7
designs/agent2_r70N16.json 12.9
designs/agent2_r70N20.json 14.5
designs/agent2_r70N24.json 14.3
designs/agent2_r80N24.json 15.5
designs/agent2_r88N24.json 15.6
designs/agent2_r90N24.json 17.1
designs/agent2_r90s082.json 10.4
designs/agent2_r90s090.json 15.2
designs/agent2_r92N24.json 17.6
designs/agent2_r95N16.json 16.1
designs/agent2_r95N20.json 15.7
designs/agent2_r95N24.json 14.5
designs/agent2_ring10.json 26.8
designs/agent2_ring25.json 6.9
designs/agent_knot24.json 3.6
designs/agent_knot32.json 4.5
designs/agent_knot_e0.75_N24.json 7.6
designs/agent_knot_e0.75_N40.json 9.4
designs/agent_knot_e0.80_N32.json 10.6
designs/agent_knot_e0.85_N28.json 10.2
designs/agent_knot_e0.85_N32.json 11.8
designs/agent_knot_e0.85_N36.json 14.5
designs/agent_knot_e0.88_N32.json 13.0
designs/agent_knot_e0.88_N40.json 12.5
designs/agent_knot_e0.92_N32.json 16.4
designs/agent_knot_e0.96_N32.json 18.1
designs/agent_knot_e1.00_N24.json 15.4
designs/agent_knot_e1.00_N32.json 18.2
designs/agent_knot_e1.05_N24.json 19.3
designs/agent_knot_e1.05_N32.json 17.9
designs/agent_knot_e1.10_N16.json 16.5
designs/agent_knot_e1.10_N20.json 14.8
designs/agent_knot_e1.10_N24.json 13.7
designs/agent_knot_e1.12_N14.json 15.8
designs/agent_knot_e1.12_N16.json 18.3
designs/agent_knot_e1.15_N16.json 18.4
designs/agent_knot_e1.15_N20.json 14.1
designs/agent_knot_eta0p70_N40_rev2.json 6.2
designs/agent_knot_eta0p75_N32_rev2.json 9.8
designs/agent_knot_eta0p80_N40_rev2.json 11.2
designs/agent_m20.json 15.8
designs/agent_m24s085.json 9.5
designs/agent_m24s1.json 2.7
designs/agent_m24vf.json 36.1
designs/agent_m24w.json 38.4
designs/agent_twinknot_opp.json 8.1
designs/agent_twinknot_same.json 5.0
designs/hopf_mirror.json 15.6
designs/meshed_torus_ii.json 16.8
designs/precess_axial_same.json 0.1
designs/precess_pair_crossed.json 0.0
designs/solenoid.json 4.7
designs/yinyang_cube8.json 0.0
done
