=== woven_m24_de010
meshed torus II woven δη 0.010 (η 0.60, ε 0. τ_c=  30.5 (all 27 · pass 34; 80T) score=   5.9  S4=0.56 S20=0.28  closed=0.59 pred=0.88 I=149kA build=0.19 (80s)
{"name": "meshed torus II woven \u03b4\u03b7 0.010 (\u03b7 0.60, \u03b5 0.70, n 4)", "hash": "082f94fae9a4", "score": 5.896292091270907, "tau_c": 30.497253274796822, "invalid": false, "survival": {"S4": 0.5625, "S8": 0.4, "S20": 0.275, "S40": 0.16875, "S60": 0.13125, "S80": 0.10625}, "validation": {"valid": true, "problems": [], "r_max": 0.9999747744307291, "clearance": 0.006736794733075728, "conductor_points": 7202, "circuits": 2, "hash": "082f94fae9a4"}, "score_plasma": 5.896292091270907, "surfaces": {"frac_surface": 0.5, "outermost_surface_r": 0.16501657585891438, "iota_axis": -0.09899746644318744, "iota_edge": -0.25237285221324973, "well_depth": -0.2080512459142405}}
=== woven_m24_de015
meshed torus II woven δη 0.015 (η 0.60, ε 0. τ_c=  41.3 (all 36 · pass 47; 120T) score=  17.4  S4=0.51 S20=0.26 S120=0.11  closed=0.58 pred=0.89 I=149kA build=0.42 (81s)
{"name": "meshed torus II woven \u03b4\u03b7 0.015 (\u03b7 0.60, \u03b5 0.70, n 4)", "hash": "b4738978fc66", "score": 17.44650750950511, "tau_c": 41.25346037912455, "invalid": false, "survival": {"S4": 0.50625, "S8": 0.3875, "S20": 0.2625, "S40": 0.175, "S60": 0.14375, "S80": 0.1375, "S120": 0.10625}, "validation": {"valid": true, "problems": [], "r_max": 0.9999720996045088, "clearance": 0.00996258472331934, "conductor_points": 7202, "circuits": 2, "hash": "b4738978fc66"}, "score_plasma": 17.44650750950511, "surfaces": {"frac_surface": 0.4375, "outermost_surface_r": 0.14476440237256014, "iota_axis": -0.09933946841448242, "iota_edge": -0.1989481649985773, "well_depth": -0.11412441918395766}}
=== woven_m50_de010
meshed torus II woven δη 0.010 (η 0.50, ε 0. τ_c=  18.4 (all 14 · pass 25; 40T) score=   4.0  S4=0.53 S20=0.14  closed=0.16 pred=0.78 I=195kA build=0.22 (76s)
{"name": "meshed torus II woven \u03b4\u03b7 0.010 (\u03b7 0.50, \u03b5 0.55, n 3)", "hash": "10002135f4eb", "score": 4.024542764789189, "tau_c": 18.399339598687305, "invalid": false, "survival": {"S4": 0.525, "S8": 0.31875, "S20": 0.14375, "S40": 0.1}, "validation": {"valid": true, "problems": [], "r_max": 0.999875837439655, "clearance": 0.00819531019568921, "conductor_points": 7202, "circuits": 2, "hash": "10002135f4eb"}, "score_plasma": 4.024542764789189, "surfaces": {"frac_surface": 0.5, "outermost_surface_r": 0.12845674362452722, "iota_axis": -0.3517239228187588, "iota_edge": 0.45875449516611033, "well_depth": -0.11873611378931681}}
=== woven_pair_de010
pure mirror pair woven δη 0.010 (η 0.70, ε 0 τ_c=  18.6 (all 19 · pass 19; 40T) score=   2.9  S4=0.53 S20=0.37  closed=0.98 pred=0.98 I=130kA build=0.16 (111s)
{"name": "pure mirror pair woven \u03b4\u03b7 0.010 (\u03b7 0.70, \u03b5 0)", "hash": "41728f87361d", "score": 2.9152770328848696, "tau_c": 18.59066664197035, "invalid": false, "survival": {"S4": 0.53125, "S8": 0.4875, "S20": 0.36875, "S40": 0.1375}, "validation": {"valid": true, "problems": [], "r_max": 0.9998538815802298, "clearance": 0.005666428815434799, "conductor_points": 7202, "circuits": 2, "hash": "41728f87361d"}, "score_plasma": 2.1709605927432105, "surfaces": {"frac_surface": 0.625, "outermost_surface_r": 0.377583684151649, "iota_axis": 2.5680382913034156e-09, "iota_edge": -4.6432007698081485e-09, "well_depth": -2.3184763392868764}}
=== woven_m16_de010
meshed torus II woven δη 0.010, 16 circuits  τ_c=  22.5 (all 21 · pass 25; 40T) score=   3.1  S4=0.54 S20=0.29  closed=0.58 pred=0.91 I=227kA build=0.14 (52s)
{"name": "meshed torus II woven \u03b4\u03b7 0.010, 16 circuits (\u03b7 0.60, \u03b5 0.70, n 4)", "hash": "e81e3aab20da", "score": 3.1364068353926466, "tau_c": 22.494692203820907, "invalid": false, "survival": {"S4": 0.5375, "S8": 0.44375, "S20": 0.2875, "S40": 0.16875}, "validation": {"valid": true, "problems": [], "r_max": 0.9999757591703995, "clearance": 0.007056342776070362, "conductor_points": 4802, "circuits": 2, "hash": "e81e3aab20da"}, "score_plasma": 3.1364068353926466, "surfaces": {"frac_surface": 0.375, "outermost_surface_r": 0.12647238233138355, "iota_axis": -0.10697096502723544, "iota_edge": -0.18307348161032155, "well_depth": -0.09168942804179414}}
=== agent2_r100N24 (v2.2 surfaces)
mirror e1.0 N24 r2 de0.06                    τ_c=  56.9 (all 59 · pass 54; 120T) score=  56.9  S4=0.69 S20=0.44 S120=0.17  closed=0.00 pred=0.30 I=96kA build=1.00 (75s)
{"name": "mirror e1.0 N24 r2 de0.06", "hash": "052865071df7", "score": 56.87212239446148, "tau_c": 56.87212239446148, "invalid": false, "survival": {"S4": 0.69375, "S8": 0.5875, "S20": 0.44375, "S40": 0.325, "S60": 0.2625, "S80": 0.2375, "S120": 0.175}, "validation": {"valid": true, "problems": [], "r_max": 0.9999791643505869, "clearance": 0.01636318682132033, "conductor_points": 7202, "circuits": 2, "hash": "052865071df7"}, "score_plasma": 5.630191210891051, "surfaces": {"frac_surface": 0.0625, "outermost_surface_r": 0.07452549423169752, "iota_axis": 0.10215635121313664, "iota_edge": 0.10215635121313664, "well_depth": NaN}}
=== agent2_r95N24 (v2.2 surfaces)
mirror e0.95 N24 r2 de0.06                   τ_c=  49.2 (all 53 · pass 46; 120T) score=  49.2  S4=0.61 S20=0.41 S120=0.16  closed=0.00 pred=0.30 I=99kA build=1.00 (78s)
{"name": "mirror e0.95 N24 r2 de0.06", "hash": "b815f1438bc3", "score": 49.16474099636893, "tau_c": 49.16474099636893, "invalid": false, "survival": {"S4": 0.60625, "S8": 0.5625, "S20": 0.4125, "S40": 0.3, "S60": 0.23125, "S80": 0.1875, "S120": 0.15625}, "validation": {"valid": true, "problems": [], "r_max": 0.9999938821927631, "clearance": 0.01914080528728925, "conductor_points": 7202, "circuits": 2, "hash": "b815f1438bc3"}, "score_plasma": 8.874186413948275, "surfaces": {"frac_surface": 0.1875, "outermost_surface_r": 0.11577510537524359, "iota_axis": 0.4297248189133202, "iota_edge": 0.04692572766582173, "well_depth": 0.0825041756250201}}
=== hopf_mirror (v2.2 surfaces)
hopf mirror pair (untwisted, closed knots)   τ_c=  32.0 (all 31 · pass 33; 80T) score=  32.0  S4=0.49 S20=0.32  closed=0.08 pred=0.43 I=130kA build=1.00 (95s)
{"name": "hopf mirror pair (untwisted, closed knots)", "hash": "fec29fca415e", "score": 32.036347883060536, "tau_c": 32.036347883060536, "invalid": false, "survival": {"S4": 0.49375, "S8": 0.4625, "S20": 0.31875, "S40": 0.21875, "S60": 0.1625, "S80": 0.125}, "validation": {"valid": true, "problems": [], "r_max": 0.9999981025368533, "clearance": 0.016665807129026725, "conductor_points": 7202, "circuits": 2, "hash": "fec29fca415e"}, "score_plasma": 11.047354669855647, "surfaces": {"frac_surface": 0.125, "outermost_surface_r": 0.12827538234046604, "iota_axis": 0.3469943574227121, "iota_edge": -0.0006605201021940092, "well_depth": 0.09505685437330258}}
=== meshed_torus_ii (v2.2 surfaces)
meshed torus II (η 0.60, ε 0.70, n 4)        τ_c=  12.7 (all 14 · pass 12; 40T) score=  12.7  S4=0.36 S20=0.20  closed=0.45 pred=0.82 I=148kA build=1.00 (44s)
{"name": "meshed torus II (\u03b7 0.60, \u03b5 0.70, n 4)", "hash": "630c03999cf6", "score": 12.738177191514929, "tau_c": 12.738177191514929, "invalid": false, "survival": {"S4": 0.3625, "S8": 0.30625, "S20": 0.2, "S40": 0.10625}, "validation": {"valid": true, "problems": [], "r_max": 0.9999912564696938, "clearance": 0.019721559997050126, "conductor_points": 7202, "circuits": 2, "hash": "630c03999cf6"}, "score_plasma": 2.752907753655556, "surfaces": {"frac_surface": 0.1875, "outermost_surface_r": 0.07422253448620716, "iota_axis": -0.19204470287441464, "iota_edge": -0.21895919616456488, "well_depth": -0.14249484009104751}}
=== agent2_ring10 (v2.2 surfaces)
mirror e0.90 + axis ring I=1.0               τ_c=  19.0 (all 19 · pass 19; 40T) score=  19.0  S4=0.61 S20=0.37  closed=0.26 pred=0.51 I=102kA build=1.00 (90s)
{"name": "mirror e0.90 + axis ring I=1.0", "hash": "673852941b91", "score": 19.02884124549946, "tau_c": 19.02884124549946, "invalid": false, "survival": {"S4": 0.60625, "S8": 0.54375, "S20": 0.36875, "S40": 0.1375}, "validation": {"valid": true, "problems": [], "r_max": 0.9999696932891915, "clearance": 0.021253555259278592, "conductor_points": 7923, "circuits": 3, "hash": "673852941b91"}, "score_plasma": 19.02884124549946, "surfaces": {"frac_surface": 0.375, "outermost_surface_r": 0.13695334934802592, "iota_axis": -0.46949609435576717, "iota_edge": -0.03818449621189576, "well_depth": 0.2423373658168575}}
86 designs → agent/leaderboard.md
|---|---|---|---|---|---|---|---|---|---|---|---|
| 1 | 56.9 | 5.6 | 59 | 54 | 1.00 | 0.0164 | 0.44 | 0.17 (120) | 0.00 | 1.1 | mirror e1.0 N24 r2 de0.06 |
| 2 | 49.2 | 8.9 | 53 | 46 | 1.00 | 0.0191 | 0.41 | 0.16 (120) | 0.00 | 1.1 | mirror e0.95 N24 r2 de0.06 |
| 3 | 49.1 | 49.1 | 54 | 45 | 1.00 | 0.0204 | 0.44 | 0.15 (120) | 0.00 | 1.1 | mirror e0.92 N24 r2 de0.06 |
| 4 | 45.9 | – | 48 | 44 | 1.00 | 0.0213 | 0.41 | 0.12 (120) | 0.00 | 1.1 | mirror e0.90 N24 r2 de0.06 |
| 5 | 45.3 | – | 51 | 40 | 1.00 | 0.0181 | 0.40 | 0.16 (120) | 0.01 | 1.2 | mirror e1.0 N16 r2 de0.06 |
| 6 | 42.6 | – | 54 | 34 | 1.00 | 0.0155 | 0.42 | 0.16 (120) | 0.00 | 1.2 | mirror e1.05 N16 r2 de0.06 |
| 7 | 40.7 | – | 53 | 50 | 0.79 | 0.0134 | 0.39 | 0.15 (120) | 0.00 | 1.2 | mirror e1.1 N16 r2 de0.06 |
| 8 | 39.5 | – | 50 | 31 | 1.00 | 0.0202 | 0.39 | 0.14 (120) | 0.01 | 1.1 | mirror e0.95 N16 r2 de0.06 |
| 9 | 39.0 | – | 48 | 32 | 1.00 | 0.0194 | 0.36 | 0.14 (120) | 0.00 | 1.1 | mirror e0.95 N20 r2 de0.06 |
ALLDONE
